EESchema (20080825c)  >> Creation date: 29/7/2009-00:31:57

#Cmp ( order = Reference )
| C2         1uF         
| C3         1uF         
| C5         0.1uF       
| C6         18pF        
| C7         0.1uf       
| C8         18pF        
| C9         0.1uF       
| C10        10uF        
| C11        20uF        
| C12        2.2uF       
| C13        1.0uF       
| D1         LED         
| P1         CONN_5X2    
| P2         CONN_5X2    
| P4         CONN_2      
| P5         CONN_5X2    
| P6         CONN_5X2    
| P8         CONN_2      
| R1         47K         
| R2         47K         
| R3         22          
| R4         22          
| R5         1K          
| SW1        SW_PUSH     
| SW2        SW_PUSH     
| U1         USB         
| U2         AT90USB1287 
| U3         AD595-AQ    
| U4         LX8117-05   
| U5         DCP20507P   
| X1         16MHz       
#End Cmp

#Cmp ( order = Value )
| 0.1uF        C5        
| 0.1uf        C7        
| 0.1uF        C9        
| 1.0uF        C13       
| 10uF         C10       
| 16MHz        X1        
| 18pF         C6        
| 18pF         C8        
| 1K           R5        
| 1uF          C2        
| 1uF          C3        
| 2.2uF        C12       
| 20uF         C11       
| 22           R3        
| 22           R4        
| 47K          R1        
| 47K          R2        
| AD595-AQ     U3        
| AT90USB1287  U2        
| CONN_2       P4        
| CONN_2       P8        
| CONN_5X2     P1        
| CONN_5X2     P2        
| CONN_5X2     P5        
| CONN_5X2     P6        
| DCP20507P    U5        
| LED          D1        
| LX8117-05    U4        
| SW_PUSH      SW1       
| SW_PUSH      SW2       
| USB          U1        
#End Cmp

#End List
